[2026-09-17 20:00:55] network_view:122 Initialized network view at /home/nate/code/fly-afterlife/flyvis_data/results/flow/0000/000
[2026-09-17 20:00:56] logging_utils:23 epe not in /home/nate/code/fly-afterlife/flyvis_data/results/flow/0000/000/validation, but 'loss' is. Falling back to 'loss'. You can rerun the ensemble validation to make appropriate recordings of the losses.
[2026-09-17 20:01:05] network:222 Initialized network with NumberOfParams(free=734, fixed=2959) parameters.
[2026-09-17 20:01:05] chkpt_utils:36 Recovered network state.
thermo cells: hot L 4 R 3, cooling L 3 R 4; mode field
T4T5_T4a_L                  742 cells  Scaled     seam v2: rate = GAIN x clip((act - rest) / A_REF, 0, 1); 150 Hz is Shiu's Poisson default, not a measurement
T4T5_T4b_L                  757 cells  Scaled     seam v2: rate = GAIN x clip((act - rest) / A_REF, 0, 1); 150 Hz is Shiu's Poisson default, not a measurement
T4T5_T4c_L                  796 cells  Scaled     seam v2: rate = GAIN x clip((act - rest) / A_REF, 0, 1); 150 Hz is Shiu's Poisson default, not a measurement
T4T5_T4d_L                  766 cells  Scaled     seam v2: rate = GAIN x clip((act - rest) / A_REF, 0, 1); 150 Hz is Shiu's Poisson default, not a measurement
T4T5_T5a_L                  726 cells  Scaled     seam v2: rate = GAIN x clip((act - rest) / A_REF, 0, 1); 150 Hz is Shiu's Poisson default, not a measurement
T4T5_T5b_L                  774 cells  Scaled     seam v2: rate = GAIN x clip((act - rest) / A_REF, 0, 1); 150 Hz is Shiu's Poisson default, not a measurement
T4T5_T5c_L                  781 cells  Scaled     seam v2: rate = GAIN x clip((act - rest) / A_REF, 0, 1); 150 Hz is Shiu's Poisson default, not a measurement
T4T5_T5d_L                  744 cells  Scaled     seam v2: rate = GAIN x clip((act - rest) / A_REF, 0, 1); 150 Hz is Shiu's Poisson default, not a measurement
T4T5_T4a_R                  750 cells  Scaled     seam v2: rate = GAIN x clip((act - rest) / A_REF, 0, 1); 150 Hz is Shiu's Poisson default, not a measurement
T4T5_T4b_R                  758 cells  Scaled     seam v2: rate = GAIN x clip((act - rest) / A_REF, 0, 1); 150 Hz is Shiu's Poisson default, not a measurement
T4T5_T4c_R                  780 cells  Scaled     seam v2: rate = GAIN x clip((act - rest) / A_REF, 0, 1); 150 Hz is Shiu's Poisson default, not a measurement
T4T5_T4d_R                  765 cells  Scaled     seam v2: rate = GAIN x clip((act - rest) / A_REF, 0, 1); 150 Hz is Shiu's Poisson default, not a measurement
T4T5_T5a_R                  734 cells  Scaled     seam v2: rate = GAIN x clip((act - rest) / A_REF, 0, 1); 150 Hz is Shiu's Poisson default, not a measurement
T4T5_T5b_R                  754 cells  Scaled     seam v2: rate = GAIN x clip((act - rest) / A_REF, 0, 1); 150 Hz is Shiu's Poisson default, not a measurement
T4T5_T5c_R                  773 cells  Scaled     seam v2: rate = GAIN x clip((act - rest) / A_REF, 0, 1); 150 Hz is Shiu's Poisson default, not a measurement
T4T5_T5d_R                  729 cells  Scaled     seam v2: rate = GAIN x clip((act - rest) / A_REF, 0, 1); 150 Hz is Shiu's Poisson default, not a measurement
bristle_L                  1224 cells  Adapting   mechanosensation brief 2026-09-16: Corfas & Dudai 1990 (J Neurosci 10:491); direction gating as a rate fraction; step-locked re-deflection is a labelled choice (2026-09-17)
bristle_R                  1279 cells  Adapting   mechanosensation brief 2026-09-16: Corfas & Dudai 1990 (J Neurosci 10:491); direction gating as a rate fraction; step-locked re-deflection is a labelled choice (2026-09-17)
ppk_F                       108 cells  TapBurst   chemo brief: contact GRN ceiling ~60 Hz (Weiss 2011), a single tap is a complete trigger (Kohatsu 2011)
ppk_M                       108 cells  TapBurst   chemo brief: contact GRN ceiling ~60 Hz (Weiss 2011), a single tap is a complete trigger (Kohatsu 2011)
hot_L                         4 cells  HotCells   chemo brief 2026-09-16 s.4: Budelli et al. 2019 (Neuron); Gallio 2011; Ni 2013
cool_L                        3 cells  CoolingCells chemo brief 2026-09-16 s.4: Budelli et al. 2019 (Neuron), rates and time course; gain inferred from the 0.2 C / 3x figure
hot_R                         3 cells  HotCells   chemo brief 2026-09-16 s.4: Budelli et al. 2019 (Neuron); Gallio 2011; Ni 2013
cool_R                        4 cells  CoolingCells chemo brief 2026-09-16 s.4: Budelli et al. 2019 (Neuron), rates and time course; gain inferred from the 0.2 C / 3x figure
his readouts: pC1 156, pIP10 2, mAL 159, LC10a 275, ORN_VA1v 15/73
his DNa02 rest offset +0.00/chunk
pace baselines per chunk: his leg MN 0, her DN 0
touch reflex: leg-MN asymmetry (R-L)/(R+L) with left bristles -0.037, right +0.006 -> gain 278 deg per unit asymmetry
t=  5.0s  him (+0.19,+0.01)     +1  her (+1.20,+0.30)  dist  inf  pC1 0 pIP10 0 LC10a 0 | her pC1 - vpoEN - | contacts 0 songs 0 | pace him 0.12 her 0.15 m/s  (15s)
t= 10.0s  him (+1.69,-0.03)     +5  her (+1.20,+0.30)  dist  inf  pC1 0 pIP10 0 LC10a 0 | her pC1 - vpoEN - | contacts 0 songs 0 | pace him 0.35 her 0.15 m/s  (32s)
t= 15.0s  him (+1.90,+0.85)    +95  her (+1.20,+0.30)  dist  inf  pC1 10 pIP10 1 LC10a 0 | her pC1 - vpoEN - | contacts 0 songs 0 | pace him 0.32 her 0.15 m/s  (48s)
t= 20.0s  him (+0.88,+1.85)   +194  her (+1.20,+0.30)  dist  inf  pC1 0 pIP10 0 LC10a 0 | her pC1 - vpoEN - | contacts 0 songs 0 | pace him 0.29 her 0.15 m/s  (62s)
t= 25.0s  him (+0.37,+0.95)   +260  her (+1.20,+0.30)  dist  inf  pC1 6 pIP10 0 LC10a 0 | her pC1 - vpoEN - | contacts 0 songs 0 | pace him 0.32 her 0.15 m/s  (79s)
t= 30.0s  him (+0.14,-0.04)   +244  her (+1.20,+0.30)  dist  inf  pC1 0 pIP10 2 LC10a 0 | her pC1 - vpoEN - | contacts 0 songs 0 | pace him 0.18 her 0.15 m/s  (98s)
t= 35.0s  him (-0.42,-1.46)   +239  her (+1.20,+0.30)  dist  inf  pC1 1 pIP10 0 LC10a 0 | her pC1 - vpoEN - | contacts 0 songs 0 | pace him 0.50 her 0.15 m/s  (117s)
t= 40.0s  him (-1.79,-1.70)   +149  her (+1.20,+0.30)  dist  inf  pC1 9 pIP10 0 LC10a 0 | her pC1 - vpoEN - | contacts 0 songs 0 | pace him 0.15 her 0.15 m/s  (131s)
t= 45.0s  him (-1.56,-0.60)    +39  her (+1.20,+0.30)  dist  inf  pC1 18 pIP10 0 LC10a 0 | her pC1 - vpoEN - | contacts 0 songs 0 | pace him 0.19 her 0.15 m/s  (148s)
t= 50.0s  him (-0.52,-0.10)    +10  her (+1.20,+0.30)  dist  inf  pC1 0 pIP10 0 LC10a 0 | her pC1 - vpoEN - | contacts 0 songs 0 | pace him 0.27 her 0.15 m/s  (165s)
t= 55.0s  him (+0.52,+0.22)    +18  her (+1.20,+0.30)  dist  inf  pC1 0 pIP10 0 LC10a 0 | her pC1 - vpoEN - | contacts 0 songs 0 | pace him 0.20 her 0.15 m/s  (182s)
t= 60.0s  him (+1.69,+0.95)    +44  her (+1.20,+0.30)  dist  inf  pC1 0 pIP10 4 LC10a 0 | her pC1 - vpoEN - | contacts 0 songs 0 | pace him 0.50 her 0.15 m/s  (201s)
t= 65.0s  him (+1.27,+1.85)   +191  her (+1.20,+0.30)  dist  inf  pC1 12 pIP10 0 LC10a 0 | her pC1 - vpoEN - | contacts 0 songs 0 | pace him 0.24 her 0.15 m/s  (217s)
t= 70.0s  him (+0.32,+1.25)   +243  her (+1.20,+0.30)  dist  inf  pC1 4 pIP10 0 LC10a 0 | her pC1 - vpoEN - | contacts 0 songs 0 | pace him 0.11 her 0.15 m/s  (234s)
t= 75.0s  him (-0.26,+0.39)   +228  her (+1.20,+0.30)  dist  inf  pC1 0 pIP10 0 LC10a 0 | her pC1 - vpoEN - | contacts 0 songs 0 | pace him 0.20 her 0.15 m/s  (253s)
t= 80.0s  him (-1.26,-0.63)   +237  her (+1.20,+0.30)  dist  inf  pC1 0 pIP10 0 LC10a 0 | her pC1 - vpoEN - | contacts 0 songs 0 | pace him 0.38 her 0.15 m/s  (271s)
t= 85.0s  him (-1.92,-1.92)   +198  her (+1.20,+0.30)  dist  inf  pC1 12 pIP10 0 LC10a 0 | her pC1 - vpoEN - | contacts 0 songs 0 | pace him 0.50 her 0.15 m/s  (289s)
t= 90.0s  him (-1.26,-1.33)    -10  her (+1.20,+0.30)  dist  inf  pC1 17 pIP10 0 LC10a 0 | her pC1 - vpoEN - | contacts 0 songs 0 | pace him 0.26 her 0.15 m/s  (306s)
t= 95.0s  him (-0.28,-1.92)    -65  her (+1.20,+0.30)  dist  inf  pC1 15 pIP10 0 LC10a 0 | her pC1 - vpoEN - | contacts 0 songs 0 | pace him 0.40 her 0.15 m/s  (323s)
t=100.0s  him (-1.08,-1.33)   -251  her (+1.20,+0.30)  dist  inf  pC1 19 pIP10 0 LC10a 0 | her pC1 - vpoEN - | contacts 0 songs 0 | pace him 0.24 her 0.15 m/s  (338s)
t=105.0s  him (-1.20,-0.10)   -274  her (+1.20,+0.30)  dist  inf  pC1 0 pIP10 0 LC10a 0 | her pC1 - vpoEN - | contacts 0 songs 0 | pace him 0.29 her 0.15 m/s  (354s)
t=110.0s  him (-1.21,+1.28)   -268  her (+1.20,+0.30)  dist  inf  pC1 0 pIP10 0 LC10a 0 | her pC1 - vpoEN - | contacts 0 songs 0 | pace him 0.29 her 0.15 m/s  (372s)
t=115.0s  him (-0.36,+1.85)   -378  her (+1.20,+0.30)  dist  inf  pC1 10 pIP10 0 LC10a 0 | her pC1 - vpoEN - | contacts 0 songs 0 | pace him 0.30 her 0.15 m/s  (387s)
t=120.0s  him (-0.29,+1.92)   -272  her (+1.20,+0.30)  dist  inf  pC1 26 pIP10 0 LC10a 0 | her pC1 - vpoEN - | contacts 0 songs 0 | pace him 0.27 her 0.15 m/s  (399s)
wrote world/thermo4/field_s20.npz contacts 0, song chunks 0, mean dist inf
