[2026-09-17 17:59:20] network_view:122 Initialized network view at /home/nate/code/fly-afterlife/flyvis_data/results/flow/0000/000
[2026-09-17 17:59:20] logging_utils:23 epe not in /home/nate/code/fly-afterlife/flyvis_data/results/flow/0000/000/validation, but 'loss' is. Falling back to 'loss'. You can rerun the ensemble validation to make appropriate recordings of the losses.
[2026-09-17 17:59:30] network:222 Initialized network with NumberOfParams(free=734, fixed=2959) parameters.
[2026-09-17 17:59:30] chkpt_utils:36 Recovered network state.
T4T5_T4a_L                  742 cells  Scaled     seam v2: rate = GAIN x clip((act - rest) / A_REF, 0, 1); 150 Hz is Shiu's Poisson default, not a measurement
T4T5_T4b_L                  757 cells  Scaled     seam v2: rate = GAIN x clip((act - rest) / A_REF, 0, 1); 150 Hz is Shiu's Poisson default, not a measurement
T4T5_T4c_L                  796 cells  Scaled     seam v2: rate = GAIN x clip((act - rest) / A_REF, 0, 1); 150 Hz is Shiu's Poisson default, not a measurement
T4T5_T4d_L                  766 cells  Scaled     seam v2: rate = GAIN x clip((act - rest) / A_REF, 0, 1); 150 Hz is Shiu's Poisson default, not a measurement
T4T5_T5a_L                  726 cells  Scaled     seam v2: rate = GAIN x clip((act - rest) / A_REF, 0, 1); 150 Hz is Shiu's Poisson default, not a measurement
T4T5_T5b_L                  774 cells  Scaled     seam v2: rate = GAIN x clip((act - rest) / A_REF, 0, 1); 150 Hz is Shiu's Poisson default, not a measurement
T4T5_T5c_L                  781 cells  Scaled     seam v2: rate = GAIN x clip((act - rest) / A_REF, 0, 1); 150 Hz is Shiu's Poisson default, not a measurement
T4T5_T5d_L                  744 cells  Scaled     seam v2: rate = GAIN x clip((act - rest) / A_REF, 0, 1); 150 Hz is Shiu's Poisson default, not a measurement
T4T5_T4a_R                  750 cells  Scaled     seam v2: rate = GAIN x clip((act - rest) / A_REF, 0, 1); 150 Hz is Shiu's Poisson default, not a measurement
T4T5_T4b_R                  758 cells  Scaled     seam v2: rate = GAIN x clip((act - rest) / A_REF, 0, 1); 150 Hz is Shiu's Poisson default, not a measurement
T4T5_T4c_R                  780 cells  Scaled     seam v2: rate = GAIN x clip((act - rest) / A_REF, 0, 1); 150 Hz is Shiu's Poisson default, not a measurement
T4T5_T4d_R                  765 cells  Scaled     seam v2: rate = GAIN x clip((act - rest) / A_REF, 0, 1); 150 Hz is Shiu's Poisson default, not a measurement
T4T5_T5a_R                  734 cells  Scaled     seam v2: rate = GAIN x clip((act - rest) / A_REF, 0, 1); 150 Hz is Shiu's Poisson default, not a measurement
T4T5_T5b_R                  754 cells  Scaled     seam v2: rate = GAIN x clip((act - rest) / A_REF, 0, 1); 150 Hz is Shiu's Poisson default, not a measurement
T4T5_T5c_R                  773 cells  Scaled     seam v2: rate = GAIN x clip((act - rest) / A_REF, 0, 1); 150 Hz is Shiu's Poisson default, not a measurement
T4T5_T5d_R                  729 cells  Scaled     seam v2: rate = GAIN x clip((act - rest) / A_REF, 0, 1); 150 Hz is Shiu's Poisson default, not a measurement
bristle_L                  1224 cells  Hold       pair.py 2026-09-16: 150 Hz while touched (uncalibrated; mechanosensation brief says onset burst + plateau)
bristle_R                  1279 cells  Hold       pair.py 2026-09-16: 150 Hz while touched (uncalibrated; mechanosensation brief says onset burst + plateau)
ppk_F                       108 cells  TapBurst   chemo brief: contact GRN ceiling ~60 Hz (Weiss 2011), a single tap is a complete trigger (Kohatsu 2011)
ppk_M                       108 cells  TapBurst   chemo brief: contact GRN ceiling ~60 Hz (Weiss 2011), a single tap is a complete trigger (Kohatsu 2011)
his readouts: pC1 156, pIP10 2, mAL 159, LC10a 275, ORN_VA1v 15/73
his DNa02 rest offset +0.00/chunk
pace baselines per chunk: his leg MN 0, her DN 0
touch reflex: leg-MN asymmetry (R-L)/(R+L) with left bristles -0.150, right +0.068 -> gain 55 deg per unit asymmetry
t=  5.0s  him (-0.75,-0.03)     +2  her (+1.20,+0.30)  dist  inf  pC1 0 pIP10 0 LC10a 0 | her pC1 - vpoEN - | contacts 0 songs 0 | pace him 0.14 her 0.15 m/s  (19s)
t= 10.0s  him (+0.36,-0.19)    -24  her (+1.20,+0.30)  dist  inf  pC1 0 pIP10 0 LC10a 0 | her pC1 - vpoEN - | contacts 0 songs 0 | pace him 0.26 her 0.15 m/s  (39s)
t= 15.0s  him (+1.00,-1.26)    -91  her (+1.20,+0.30)  dist  inf  pC1 0 pIP10 0 LC10a 0 | her pC1 - vpoEN - | contacts 0 songs 0 | pace him 0.33 her 0.15 m/s  (60s)
t= 20.0s  him (+0.29,-1.92)   -194  her (+1.20,+0.30)  dist  inf  pC1 12 pIP10 0 LC10a 0 | her pC1 - vpoEN - | contacts 0 songs 0 | pace him 0.50 her 0.15 m/s  (79s)
t= 25.0s  him (+0.34,-1.87)   -289  her (+1.20,+0.30)  dist  inf  pC1 29 pIP10 0 LC10a 0 | her pC1 - vpoEN - | contacts 0 songs 0 | pace him 0.35 her 0.15 m/s  (89s)
t= 30.0s  him (+0.62,-1.65)   -327  her (+1.20,+0.30)  dist  inf  pC1 4 pIP10 0 LC10a 0 | her pC1 - vpoEN - | contacts 0 songs 0 | pace him 0.07 her 0.15 m/s  (110s)
t= 35.0s  him (+1.12,-1.37)   -331  her (+1.20,+0.30)  dist  inf  pC1 0 pIP10 0 LC10a 0 | her pC1 - vpoEN - | contacts 0 songs 0 | pace him 0.18 her 0.15 m/s  (132s)
t= 40.0s  him (+1.92,-0.49)   -274  her (+1.20,+0.30)  dist  inf  pC1 3 pIP10 0 LC10a 0 | her pC1 - vpoEN - | contacts 0 songs 0 | pace him 0.50 her 0.15 m/s  (151s)
t= 45.0s  him (+1.92,+0.33)   -267  her (+1.20,+0.30)  dist  inf  pC1 3 pIP10 0 LC10a 0 | her pC1 - vpoEN - | contacts 0 songs 0 | pace him 0.16 her 0.15 m/s  (165s)
t= 50.0s  him (+1.91,+0.86)   -266  her (+1.20,+0.30)  dist  inf  pC1 1 pIP10 0 LC10a 0 | her pC1 - vpoEN - | contacts 0 songs 0 | pace him 0.08 her 0.15 m/s  (185s)
t= 55.0s  him (+1.79,+1.50)   -250  her (+1.20,+0.30)  dist  inf  pC1 0 pIP10 0 LC10a 0 | her pC1 - vpoEN - | contacts 0 songs 0 | pace him 0.17 her 0.15 m/s  (207s)
t= 60.0s  him (+0.97,+1.92)   -180  her (+1.20,+0.30)  dist  inf  pC1 3 pIP10 0 LC10a 0 | her pC1 - vpoEN - | contacts 0 songs 0 | pace him 0.06 her 0.15 m/s  (225s)
t= 65.0s  him (+0.35,+1.92)   -184  her (+1.20,+0.30)  dist  inf  pC1 1 pIP10 0 LC10a 0 | her pC1 - vpoEN - | contacts 0 songs 0 | pace him 0.07 her 0.15 m/s  (244s)
t= 70.0s  him (+0.72,+1.87)   -394  her (+1.20,+0.30)  dist  inf  pC1 37 pIP10 0 LC10a 0 | her pC1 - vpoEN - | contacts 0 songs 0 | pace him 0.06 her 0.15 m/s  (259s)
t= 75.0s  him (+1.04,+1.63)   -395  her (+1.20,+0.30)  dist  inf  pC1 0 pIP10 0 LC10a 0 | her pC1 - vpoEN - | contacts 0 songs 0 | pace him 0.11 her 0.15 m/s  (282s)
t= 80.0s  him (+1.70,+0.98)   -415  her (+1.20,+0.30)  dist  inf  pC1 0 pIP10 0 LC10a 0 | her pC1 - vpoEN - | contacts 0 songs 0 | pace him 0.27 her 0.15 m/s  (306s)
t= 85.0s  him (+1.89,+0.25)   -432  her (+1.20,+0.30)  dist  inf  pC1 9 pIP10 0 LC10a 0 | her pC1 - vpoEN - | contacts 0 songs 0 | pace him 0.08 her 0.15 m/s  (326s)
t= 90.0s  him (+1.92,-0.41)   -447  her (+1.20,+0.30)  dist  inf  pC1 8 pIP10 0 LC10a 0 | her pC1 - vpoEN - | contacts 0 songs 0 | pace him 0.07 her 0.15 m/s  (344s)
t= 95.0s  him (+1.88,-0.98)   -459  her (+1.20,+0.30)  dist  inf  pC1 2 pIP10 0 LC10a 0 | her pC1 - vpoEN - | contacts 0 songs 0 | pace him 0.16 her 0.15 m/s  (364s)
t=100.0s  him (+1.41,-1.92)   -521  her (+1.20,+0.30)  dist  inf  pC1 5 pIP10 0 LC10a 0 | her pC1 - vpoEN - | contacts 0 songs 0 | pace him 0.50 her 0.15 m/s  (385s)
t=105.0s  him (+0.89,-1.91)   -544  her (+1.20,+0.30)  dist  inf  pC1 4 pIP10 0 LC10a 0 | her pC1 - vpoEN - | contacts 0 songs 0 | pace him 0.11 her 0.15 m/s  (407s)
t=110.0s  him (+0.28,-1.93)   -528  her (+1.20,+0.30)  dist  inf  pC1 10 pIP10 0 LC10a 0 | her pC1 - vpoEN - | contacts 0 songs 0 | pace him 0.44 her 0.15 m/s  (425s)
t=115.0s  him (+0.28,-1.92)   -508  her (+1.20,+0.30)  dist  inf  pC1 28 pIP10 0 LC10a 0 | her pC1 - vpoEN - | contacts 0 songs 0 | pace him 0.27 her 0.15 m/s  (438s)
t=120.0s  him (+0.28,-1.92)   -489  her (+1.20,+0.30)  dist  inf  pC1 28 pIP10 0 LC10a 0 | her pC1 - vpoEN - | contacts 0 songs 0 | pace him 0.29 her 0.15 m/s  (447s)
wrote world/base185/solo_s12.npz contacts 0, song chunks 0, mean dist inf
