[2026-09-17 04:04:25] network_view:122 Initialized network view at /home/nate/code/fly-afterlife/flyvis_data/results/flow/0000/000
[2026-09-17 04:04:25] logging_utils:23 epe not in /home/nate/code/fly-afterlife/flyvis_data/results/flow/0000/000/validation, but 'loss' is. Falling back to 'loss'. You can rerun the ensemble validation to make appropriate recordings of the losses.
[2026-09-17 04:04:37] network:222 Initialized network with NumberOfParams(free=734, fixed=2959) parameters.
[2026-09-17 04:04:37] chkpt_utils:36 Recovered network state.
step    0 grating  loss 0.1923  (running 0.1923)
step   10 dots     loss 0.0609  (running 0.1099)
step   20 loom     loss 0.0310  (running 0.0471)
step   30 dots     loss 0.0210  (running 0.0305)
step   40 dots     loss 0.0138  (running 0.0212)
step   50 grating  loss 0.0527  (running 0.0344)
step   60 dots     loss 0.0120  (running 0.0147)
step   70 loom     loss 0.0056  (running 0.0122)
step   80 dots     loss 0.0106  (running 0.0165)
step   90 loom     loss 0.0053  (running 0.0162)
step  100 grating  loss 0.0405  (running 0.0250)
step  110 loom     loss 0.0076  (running 0.0216)
step  120 loom     loss 0.0047  (running 0.0124)
step  130 loom     loss 0.0078  (running 0.0146)
step  140 loom     loss 0.0063  (running 0.0114)
step  150 loom     loss 0.0049  (running 0.0228)
step  160 bar      loss 0.0056  (running 0.0100)
step  170 loom     loss 0.0062  (running 0.0139)
step  180 grating  loss 0.0463  (running 0.0203)
step  190 bar      loss 0.0044  (running 0.0154)
step  200 loom     loss 0.0036  (running 0.0099)
step  210 loom     loss 0.0022  (running 0.0181)
step  220 dots     loss 0.0064  (running 0.0206)
step  230 dots     loss 0.0076  (running 0.0088)
step  240 grating  loss 0.0386  (running 0.0206)
step  250 dots     loss 0.0072  (running 0.0105)
step  260 bar      loss 0.0063  (running 0.0096)
step  270 loom     loss 0.0033  (running 0.0154)
step  280 grating  loss 0.0360  (running 0.0217)
step  290 dots     loss 0.0075  (running 0.0171)
step  300 dots     loss 0.0073  (running 0.0170)
step  310 grating  loss 0.0346  (running 0.0164)
step  320 dots     loss 0.0080  (running 0.0127)
step  330 dots     loss 0.0067  (running 0.0130)
step  340 bar      loss 0.0050  (running 0.0081)
step  350 dots     loss 0.0071  (running 0.0082)
step  360 grating  loss 0.0359  (running 0.0131)
step  370 dots     loss 0.0073  (running 0.0074)
step  380 loom     loss 0.0054  (running 0.0044)
step  390 bar      loss 0.0040  (running 0.0125)
saved seam/tx_distilled.npz
