[2026-09-17 04:42:23] network_view:122 Initialized network view at /home/nate/code/fly-afterlife/flyvis_data/results/flow/0000/000
[2026-09-17 04:42:23] logging_utils:23 epe not in /home/nate/code/fly-afterlife/flyvis_data/results/flow/0000/000/validation, but 'loss' is. Falling back to 'loss'. You can rerun the ensemble validation to make appropriate recordings of the losses.
[2026-09-17 04:42:33] network:222 Initialized network with NumberOfParams(free=734, fixed=2959) parameters.
[2026-09-17 04:42:33] chkpt_utils:36 Recovered network state.
step    0 grating  loss 1.0502  (running 1.0502)
step   10 dots     loss 0.9311  (running 1.2000)
step   20 loom     loss 0.7973  (running 0.8746)
step   30 dots     loss 0.7996  (running 0.8078)
step   40 dots     loss 0.7700  (running 0.7572)
step   50 grating  loss 0.7503  (running 0.7474)
step   60 dots     loss 0.6750  (running 0.6530)
step   70 loom     loss 0.4780  (running 0.6039)
step   80 dots     loss 0.6925  (running 0.6022)
step   90 loom     loss 0.4663  (running 0.5590)
step  100 grating  loss 0.6521  (running 0.5804)
step  110 loom     loss 0.4190  (running 0.5561)
step  120 loom     loss 0.4135  (running 0.5261)
step  130 loom     loss 0.3998  (running 0.5145)
step  140 loom     loss 0.4002  (running 0.5479)
step  150 loom     loss 0.4029  (running 0.5725)
step  160 bar      loss 0.4279  (running 0.5278)
step  170 loom     loss 0.3735  (running 0.5423)
step  180 grating  loss 0.6082  (running 0.5178)
step  190 bar      loss 0.4122  (running 0.5263)
step  200 loom     loss 0.3753  (running 0.4960)
step  210 loom     loss 0.4470  (running 0.5477)
step  220 dots     loss 0.5892  (running 0.4839)
step  230 dots     loss 0.5854  (running 0.4674)
step  240 grating  loss 0.6161  (running 0.5435)
step  250 dots     loss 0.5593  (running 0.4449)
step  260 bar      loss 0.4064  (running 0.5445)
step  270 loom     loss 0.3533  (running 0.4853)
step  280 grating  loss 0.5999  (running 0.5018)
step  290 dots     loss 0.5513  (running 0.4845)
saved seam/tx_distilled3.npz
