[2026-09-17 05:43:00] network_view:122 Initialized network view at /home/nate/code/fly-afterlife/flyvis_data/results/flow/0000/000
[2026-09-17 05:43:00] logging_utils:23 epe not in /home/nate/code/fly-afterlife/flyvis_data/results/flow/0000/000/validation, but 'loss' is. Falling back to 'loss'. You can rerun the ensemble validation to make appropriate recordings of the losses.
[2026-09-17 05:43:10] network:222 Initialized network with NumberOfParams(free=734, fixed=2959) parameters.
[2026-09-17 05:43:10] chkpt_utils:36 Recovered network state.
her readouts: pC1 10, vpoEN 4, ORN_DA1 126, JO 1104, DNa02 1/1
his readouts: pC1 156, pIP10 2, mAL 159, LC10a 275, ORN_VA1v 15/73
his DNa02 rest offset +0.00/chunk
pace baselines per chunk: his leg MN 374, her DN 26
touch reflex: leg-MN asymmetry (R-L)/(R+L) with left bristles -0.099, right +0.050 -> gain 80 deg per unit asymmetry
t=  5.0s  him (-0.63,-0.04)    -20  her (+0.45,+0.30)  dist 1.14  pC1 0 pIP10 0 LC10a 0 | her pC1 0 vpoEN 0 | contacts 0 songs 0 | pace him 0.11 her 0.15 m/s  (11s)
t= 10.0s  him (-0.56,-0.76)   -114  her (-0.22,+0.01)  dist 0.84  pC1 0 pIP10 2 LC10a 0 | her pC1 0 vpoEN 0 | contacts 0 songs 0 | pace him 0.15 her 0.15 m/s  (28s)
t= 15.0s  him (-0.70,-1.46)   -120  her (-0.50,-0.67)  dist 0.82  pC1 1 pIP10 1 LC10a 0 | her pC1 0 vpoEN 0 | contacts 0 songs 0 | pace him 0.15 her 0.15 m/s  (44s)
t= 20.0s  him (-1.32,-1.92)   -163  her (-0.30,-1.37)  dist 1.16  pC1 100 pIP10 0 LC10a 0 | her pC1 0 vpoEN 0 | contacts 0 songs 0 | pace him 0.22 her 0.15 m/s  (57s)
t= 25.0s  him (-1.92,-0.96)   -271  her (+0.17,-1.88)  dist 2.28  pC1 414 pIP10 0 LC10a 0 | her pC1 13 vpoEN 0 | contacts 0 songs 0 | pace him 0.43 her 0.15 m/s  (74s)
t= 30.0s  him (-1.46,-0.42)   -333  her (+0.89,-1.70)  dist 2.68  pC1 3 pIP10 2 LC10a 0 | her pC1 1 vpoEN 0 | contacts 0 songs 0 | pace him 0.15 her 0.15 m/s  (90s)
t= 35.0s  him (-0.93,-0.37)   -446  her (+1.62,-1.56)  dist 2.82  pC1 0 pIP10 1 LC10a 0 | her pC1 0 vpoEN 0 | contacts 0 songs 0 | pace him 0.12 her 0.15 m/s  (106s)
t= 40.0s  him (-0.80,-1.09)   -470  her (+1.83,-1.09)  dist 2.63  pC1 0 pIP10 5 LC10a 0 | her pC1 28 vpoEN 0 | contacts 0 songs 0 | pace him 0.15 her 0.15 m/s  (122s)
t= 45.0s  him (-1.18,-1.70)   -531  her (+1.45,-0.46)  dist 2.91  pC1 0 pIP10 0 LC10a 0 | her pC1 0 vpoEN 0 | contacts 0 songs 0 | pace him 0.15 her 0.15 m/s  (137s)
t= 50.0s  him (-0.84,-1.88)   -350  her (+1.06,+0.18)  dist 2.80  pC1 10 pIP10 3 LC10a 0 | her pC1 0 vpoEN 0 | contacts 0 songs 0 | pace him 0.19 her 0.15 m/s  (155s)
t= 55.0s  him (-0.29,-1.92)   -448  her (+0.57,+0.75)  dist 2.80  pC1 187 pIP10 3 LC10a 0 | her pC1 0 vpoEN 0 | contacts 0 songs 0 | pace him 0.31 her 0.15 m/s  (172s)
t= 60.0s  him (-1.75,-1.92)   -541  her (+0.19,+1.39)  dist 3.84  pC1 327 pIP10 0 LC10a 0 | her pC1 0 vpoEN 0 | contacts 0 songs 0 | pace him 0.39 her 0.15 m/s  (187s)
t= 65.0s  him (-1.91,-0.74)   -647  her (-0.44,+1.78)  dist 2.92  pC1 402 pIP10 0 LC10a 0 | her pC1 0 vpoEN 0 | contacts 0 songs 0 | pace him 0.42 her 0.15 m/s  (205s)
t= 70.0s  him (-1.26,-0.28)   -687  her (-1.16,+1.80)  dist 2.09  pC1 0 pIP10 3 LC10a 0 | her pC1 13 vpoEN 0 | contacts 0 songs 0 | pace him 0.16 her 0.15 m/s  (219s)
t= 75.0s  him (-0.72,-0.21)   -719  her (-1.88,+1.71)  dist 2.24  pC1 0 pIP10 1 LC10a 0 | her pC1 4 vpoEN 0 | contacts 0 songs 0 | pace him 0.11 her 0.15 m/s  (237s)
t= 80.0s  him (-0.36,-0.62)   -808  her (-1.61,+1.09)  dist 2.12  pC1 0 pIP10 1 LC10a 0 | her pC1 26 vpoEN 0 | contacts 0 songs 0 | pace him 0.15 her 0.15 m/s  (251s)
t= 85.0s  him (-0.45,-1.37)   -842  her (-1.06,+0.59)  dist 2.05  pC1 12 pIP10 1 LC10a 0 | her pC1 0 vpoEN 0 | contacts 0 songs 0 | pace him 0.16 her 0.15 m/s  (268s)
t= 90.0s  him (-1.22,-1.92)   -901  her (-0.36,+0.34)  dist 2.41  pC1 108 pIP10 0 LC10a 0 | her pC1 0 vpoEN 0 | contacts 0 songs 0 | pace him 0.23 her 0.15 m/s  (286s)
t= 95.0s  him (-1.92,-1.47)   -956  her (+0.37,+0.17)  dist 2.82  pC1 365 pIP10 1 LC10a 0 | her pC1 0 vpoEN 0 | contacts 0 songs 0 | pace him 0.41 her 0.15 m/s  (302s)
t=100.0s  him (-1.60,-0.42)  -1062  her (+1.11,+0.18)  dist 2.78  pC1 151 pIP10 1 LC10a 0 | her pC1 0 vpoEN 0 | contacts 0 songs 0 | pace him 0.24 her 0.15 m/s  (317s)
t=105.0s  him (-0.97,-0.25)  -1144  her (+1.81,+0.45)  dist 2.86  pC1 0 pIP10 0 LC10a 0 | her pC1 0 vpoEN 0 | contacts 0 songs 0 | pace him 0.14 her 0.15 m/s  (336s)
t=110.0s  him (-0.74,-0.92)  -1172  her (+1.81,+1.10)  dist 3.25  pC1 0 pIP10 2 LC10a 0 | her pC1 20 vpoEN 0 | contacts 0 songs 0 | pace him 0.14 her 0.15 m/s  (350s)
t=115.0s  him (-0.95,-1.67)  -1145  her (+1.54,+1.79)  dist 4.26  pC1 0 pIP10 1 LC10a 0 | her pC1 0 vpoEN 0 | contacts 0 songs 0 | pace him 0.16 her 0.15 m/s  (367s)
t=120.0s  him (-0.28,-1.92)  -1133  her (+0.88,+1.74)  dist 3.85  pC1 24 pIP10 1 LC10a 0 | her pC1 22 vpoEN 0 | contacts 0 songs 0 | pace him 0.17 her 0.15 m/s  (383s)
t=125.0s  him (-1.68,-1.92)  -1257  her (+0.22,+1.41)  dist 3.83  pC1 456 pIP10 0 LC10a 0 | her pC1 0 vpoEN 0 | contacts 0 songs 0 | pace him 0.46 her 0.15 m/s  (400s)
t=130.0s  him (-1.90,-0.85)  -1379  her (-0.40,+0.98)  dist 2.36  pC1 384 pIP10 0 LC10a 0 | her pC1 0 vpoEN 0 | contacts 0 songs 0 | pace him 0.42 her 0.15 m/s  (416s)
t=135.0s  him (-1.29,-0.45)  -1418  her (-0.99,+0.53)  dist 1.03  pC1 0 pIP10 1 LC10a 0 | her pC1 0 vpoEN 0 | contacts 0 songs 0 | pace him 0.15 her 0.15 m/s  (433s)
t=140.0s  him (-0.77,-0.46)  -1528  her (-1.33,-0.08)  dist 0.68  pC1 0 pIP10 2 LC10a 0 | her pC1 0 vpoEN 0 | contacts 0 songs 0 | pace him 0.13 her 0.15 m/s  (450s)
t=145.0s  him (-1.00,-1.16)  -1555  her (-0.90,-0.65)  dist 0.52  pC1 0 pIP10 0 LC10a 0 | her pC1 0 vpoEN 0 | contacts 0 songs 0 | pace him 0.15 her 0.15 m/s  (465s)
t=150.0s  him (-1.39,-1.72)  -1511  her (-0.25,-1.03)  dist 1.33  pC1 1 pIP10 1 LC10a 0 | her pC1 0 vpoEN 0 | contacts 0 songs 0 | pace him 0.15 her 0.15 m/s  (482s)
t=155.0s  him (-0.72,-1.82)  -1435  her (+0.46,-1.24)  dist 1.32  pC1 0 pIP10 1 LC10a 0 | her pC1 0 vpoEN 0 | contacts 0 songs 0 | pace him 0.15 her 0.15 m/s  (499s)
t=160.0s  him (-0.33,-1.92)  -1553  her (+1.20,-1.16)  dist 1.71  pC1 192 pIP10 1 LC10a 0 | her pC1 0 vpoEN 0 | contacts 0 songs 0 | pace him 0.29 her 0.15 m/s  (514s)
t=165.0s  him (-1.92,-1.92)  -1623  her (+1.88,-1.00)  dist 3.91  pC1 374 pIP10 1 LC10a 0 | her pC1 7 vpoEN 0 | contacts 0 songs 0 | pace him 0.41 her 0.15 m/s  (532s)
t=170.0s  him (-1.87,-0.48)  -1753  her (+1.71,-0.30)  dist 3.58  pC1 417 pIP10 0 LC10a 0 | her pC1 19 vpoEN 0 | contacts 0 songs 0 | pace him 0.42 her 0.15 m/s  (547s)
t=175.0s  him (-1.19,-0.16)  -1784  her (+1.37,+0.37)  dist 2.62  pC1 0 pIP10 2 LC10a 0 | her pC1 0 vpoEN 0 | contacts 0 songs 0 | pace him 0.15 her 0.15 m/s  (565s)
t=180.0s  him (-0.93,-0.63)  -1924  her (+1.17,+1.09)  dist 2.71  pC1 1 pIP10 2 LC10a 0 | her pC1 0 vpoEN 0 | contacts 0 songs 0 | pace him 0.14 her 0.15 m/s  (581s)
t=185.0s  him (-0.91,-1.35)  -1883  her (+0.83,+1.75)  dist 3.56  pC1 0 pIP10 1 LC10a 0 | her pC1 0 vpoEN 0 | contacts 0 songs 0 | pace him 0.16 her 0.15 m/s  (597s)
t=190.0s  him (-0.85,-1.92)  -1798  her (+0.17,+1.87)  dist 3.93  pC1 10 pIP10 1 LC10a 0 | her pC1 23 vpoEN 0 | contacts 0 songs 0 | pace him 0.19 her 0.15 m/s  (613s)
t=195.0s  him (-0.28,-1.92)  -1835  her (-0.58,+1.87)  dist 3.80  pC1 170 pIP10 0 LC10a 0 | her pC1 5 vpoEN 0 | contacts 0 songs 0 | pace him 0.26 her 0.15 m/s  (630s)
t=200.0s  him (-1.36,-1.92)  -1980  her (-1.25,+1.56)  dist 3.47  pC1 453 pIP10 0 LC10a 0 | her pC1 0 vpoEN 0 | contacts 0 songs 0 | pace him 0.45 her 0.15 m/s  (649s)
t=205.0s  him (-1.92,-1.14)  -2049  her (-1.88,+1.19)  dist 2.33  pC1 403 pIP10 2 LC10a 0 | her pC1 4 vpoEN 0 | contacts 0 songs 0 | pace him 0.43 her 0.15 m/s  (664s)
t=210.0s  him (-1.92,+0.58)  -2071  her (-1.65,+0.49)  dist 0.29  pC1 260 pIP10 0 LC10a 0 | her pC1 8 vpoEN 0 | contacts 0 songs 0 | pace him 0.34 her 0.15 m/s  (682s)
t=215.0s  him (-1.84,+1.56)  -2075  her (-1.27,-0.16)  dist 1.81  pC1 32 pIP10 1 LC10a 0 | her pC1 0 vpoEN 0 | contacts 0 songs 0 | pace him 0.20 her 0.15 m/s  (699s)
t=220.0s  him (-0.80,+1.89)  -2190  her (-0.75,-0.69)  dist 2.58  pC1 188 pIP10 0 LC10a 0 | her pC1 0 vpoEN 0 | contacts 0 songs 0 | pace him 0.28 her 0.15 m/s  (714s)
t=225.0s  him (-0.82,+1.36)  -2332  her (-0.24,-1.23)  dist 2.66  pC1 0 pIP10 1 LC10a 0 | her pC1 0 vpoEN 0 | contacts 0 songs 0 | pace him 0.14 her 0.15 m/s  (733s)
t=230.0s  him (-1.24,+0.80)  -2288  her (+0.36,-1.67)  dist 2.94  pC1 0 pIP10 0 LC10a 0 | her pC1 0 vpoEN 0 | contacts 0 songs 0 | pace him 0.16 her 0.15 m/s  (750s)
t=235.0s  him (-1.40,+0.27)  -2237  her (+0.93,-1.83)  dist 3.14  pC1 14 pIP10 0 LC10a 0 | her pC1 27 vpoEN 0 | contacts 0 songs 0 | pace him 0.16 her 0.15 m/s  (765s)
t=240.0s  him (-1.40,-0.41)  -2285  her (+1.67,-1.69)  dist 3.33  pC1 0 pIP10 0 LC10a 0 | her pC1 0 vpoEN 0 | contacts 0 songs 0 | pace him 0.15 her 0.15 m/s  (783s)
t=245.0s  him (-1.12,-1.10)  -2254  her (+1.88,-1.19)  dist 3.00  pC1 70 pIP10 10 LC10a 0 | her pC1 30 vpoEN 0 | contacts 0 songs 0 | pace him 0.16 her 0.15 m/s  (799s)
t=250.0s  him (-1.23,-1.81)  -2216  her (+1.85,-0.44)  dist 3.37  pC1 5 pIP10 2 LC10a 0 | her pC1 4 vpoEN 0 | contacts 0 songs 0 | pace him 0.15 her 0.15 m/s  (815s)
t=255.0s  him (-0.52,-1.82)  -2185  her (+1.66,+0.28)  dist 3.03  pC1 0 pIP10 1 LC10a 0 | her pC1 0 vpoEN 0 | contacts 0 songs 0 | pace him 0.15 her 0.15 m/s  (832s)
t=260.0s  him (-0.93,-1.92)  -2327  her (+1.36,+0.96)  dist 3.68  pC1 354 pIP10 1 LC10a 0 | her pC1 0 vpoEN 0 | contacts 0 songs 0 | pace him 0.41 her 0.15 m/s  (848s)
t=265.0s  him (-1.92,-1.41)  -2409  her (+0.99,+1.62)  dist 4.20  pC1 387 pIP10 0 LC10a 0 | her pC1 0 vpoEN 0 | contacts 0 songs 0 | pace him 0.42 her 0.15 m/s  (866s)
t=270.0s  him (-1.49,-0.61)  -2493  her (+0.42,+1.85)  dist 3.12  pC1 75 pIP10 0 LC10a 0 | her pC1 23 vpoEN 0 | contacts 0 songs 0 | pace him 0.19 her 0.15 m/s  (883s)
t=275.0s  him (-0.96,-0.42)  -2513  her (-0.29,+1.71)  dist 2.24  pC1 0 pIP10 1 LC10a 0 | her pC1 4 vpoEN 0 | contacts 0 songs 0 | pace him 0.11 her 0.15 m/s  (901s)
t=280.0s  him (-0.79,-0.89)  -2630  her (-0.99,+1.46)  dist 2.36  pC1 0 pIP10 2 LC10a 0 | her pC1 0 vpoEN 0 | contacts 0 songs 0 | pace him 0.14 her 0.15 m/s  (917s)
t=285.0s  him (-1.08,-1.62)  -2595  her (-1.69,+1.19)  dist 2.88  pC1 0 pIP10 0 LC10a 0 | her pC1 0 vpoEN 0 | contacts 0 songs 0 | pace him 0.16 her 0.15 m/s  (934s)
t=290.0s  him (-1.92,-1.88)  -2720  her (-1.83,+0.65)  dist 2.53  pC1 294 pIP10 0 LC10a 0 | her pC1 21 vpoEN 0 | contacts 0 songs 0 | pace him 0.35 her 0.15 m/s  (951s)
t=295.0s  him (-1.66,-0.78)  -2838  her (-1.54,-0.03)  dist 0.75  pC1 208 pIP10 0 LC10a 0 | her pC1 0 vpoEN 0 | contacts 0 songs 0 | pace him 0.29 her 0.15 m/s  (969s)
t=300.0s  him (-1.02,-0.46)  -2867  her (-0.88,-0.21)  dist 0.29  pC1 0 pIP10 0 LC10a 0 | her pC1 0 vpoEN 0 | contacts 0 songs 0 | pace him 0.14 her 0.15 m/s  (985s)
wrote world/pair_long2.npz contacts 0, song chunks 0, mean dist 2.54
