[2026-09-17 19:54:31] network_view:122 Initialized network view at /home/nate/code/fly-afterlife/flyvis_data/results/flow/0000/000
[2026-09-17 19:54:31] logging_utils:23 epe not in /home/nate/code/fly-afterlife/flyvis_data/results/flow/0000/000/validation, but 'loss' is. Falling back to 'loss'. You can rerun the ensemble validation to make appropriate recordings of the losses.
[2026-09-17 19:54:46] network:222 Initialized network with NumberOfParams(free=734, fixed=2959) parameters.
[2026-09-17 19:54:46] chkpt_utils:36 Recovered network state.
thermo cells: hot L 4 R 3, cooling L 3 R 4; mode rest
T4T5_T4a_L                  742 cells  Scaled     seam v2: rate = GAIN x clip((act - rest) / A_REF, 0, 1); 150 Hz is Shiu's Poisson default, not a measurement
T4T5_T4b_L                  757 cells  Scaled     seam v2: rate = GAIN x clip((act - rest) / A_REF, 0, 1); 150 Hz is Shiu's Poisson default, not a measurement
T4T5_T4c_L                  796 cells  Scaled     seam v2: rate = GAIN x clip((act - rest) / A_REF, 0, 1); 150 Hz is Shiu's Poisson default, not a measurement
T4T5_T4d_L                  766 cells  Scaled     seam v2: rate = GAIN x clip((act - rest) / A_REF, 0, 1); 150 Hz is Shiu's Poisson default, not a measurement
T4T5_T5a_L                  726 cells  Scaled     seam v2: rate = GAIN x clip((act - rest) / A_REF, 0, 1); 150 Hz is Shiu's Poisson default, not a measurement
T4T5_T5b_L                  774 cells  Scaled     seam v2: rate = GAIN x clip((act - rest) / A_REF, 0, 1); 150 Hz is Shiu's Poisson default, not a measurement
T4T5_T5c_L                  781 cells  Scaled     seam v2: rate = GAIN x clip((act - rest) / A_REF, 0, 1); 150 Hz is Shiu's Poisson default, not a measurement
T4T5_T5d_L                  744 cells  Scaled     seam v2: rate = GAIN x clip((act - rest) / A_REF, 0, 1); 150 Hz is Shiu's Poisson default, not a measurement
T4T5_T4a_R                  750 cells  Scaled     seam v2: rate = GAIN x clip((act - rest) / A_REF, 0, 1); 150 Hz is Shiu's Poisson default, not a measurement
T4T5_T4b_R                  758 cells  Scaled     seam v2: rate = GAIN x clip((act - rest) / A_REF, 0, 1); 150 Hz is Shiu's Poisson default, not a measurement
T4T5_T4c_R                  780 cells  Scaled     seam v2: rate = GAIN x clip((act - rest) / A_REF, 0, 1); 150 Hz is Shiu's Poisson default, not a measurement
T4T5_T4d_R                  765 cells  Scaled     seam v2: rate = GAIN x clip((act - rest) / A_REF, 0, 1); 150 Hz is Shiu's Poisson default, not a measurement
T4T5_T5a_R                  734 cells  Scaled     seam v2: rate = GAIN x clip((act - rest) / A_REF, 0, 1); 150 Hz is Shiu's Poisson default, not a measurement
T4T5_T5b_R                  754 cells  Scaled     seam v2: rate = GAIN x clip((act - rest) / A_REF, 0, 1); 150 Hz is Shiu's Poisson default, not a measurement
T4T5_T5c_R                  773 cells  Scaled     seam v2: rate = GAIN x clip((act - rest) / A_REF, 0, 1); 150 Hz is Shiu's Poisson default, not a measurement
T4T5_T5d_R                  729 cells  Scaled     seam v2: rate = GAIN x clip((act - rest) / A_REF, 0, 1); 150 Hz is Shiu's Poisson default, not a measurement
bristle_L                  1224 cells  Adapting   mechanosensation brief 2026-09-16: Corfas & Dudai 1990 (J Neurosci 10:491); direction gating as a rate fraction; step-locked re-deflection is a labelled choice (2026-09-17)
bristle_R                  1279 cells  Adapting   mechanosensation brief 2026-09-16: Corfas & Dudai 1990 (J Neurosci 10:491); direction gating as a rate fraction; step-locked re-deflection is a labelled choice (2026-09-17)
ppk_F                       108 cells  TapBurst   chemo brief: contact GRN ceiling ~60 Hz (Weiss 2011), a single tap is a complete trigger (Kohatsu 2011)
ppk_M                       108 cells  TapBurst   chemo brief: contact GRN ceiling ~60 Hz (Weiss 2011), a single tap is a complete trigger (Kohatsu 2011)
hot_L                         4 cells  HotCells   chemo brief 2026-09-16 s.4: Budelli et al. 2019 (Neuron); Gallio 2011; Ni 2013
cool_L                        3 cells  CoolingCells chemo brief 2026-09-16 s.4: Budelli et al. 2019 (Neuron), rates and time course; gain inferred from the 0.2 C / 3x figure
hot_R                         3 cells  HotCells   chemo brief 2026-09-16 s.4: Budelli et al. 2019 (Neuron); Gallio 2011; Ni 2013
cool_R                        4 cells  CoolingCells chemo brief 2026-09-16 s.4: Budelli et al. 2019 (Neuron), rates and time course; gain inferred from the 0.2 C / 3x figure
his readouts: pC1 156, pIP10 2, mAL 159, LC10a 275, ORN_VA1v 15/73
his DNa02 rest offset +0.00/chunk
pace baselines per chunk: his leg MN 0, her DN 0
touch reflex: leg-MN asymmetry (R-L)/(R+L) with left bristles -0.054, right -0.007 -> gain 260 deg per unit asymmetry
t=  5.0s  him (+0.36,-0.22)    -15  her (+1.20,+0.30)  dist  inf  pC1 0 pIP10 0 LC10a 0 | her pC1 - vpoEN - | contacts 0 songs 0 | pace him 0.25 her 0.15 m/s  (18s)
t= 10.0s  him (+1.69,-0.64)    -15  her (+1.20,+0.30)  dist  inf  pC1 0 pIP10 0 LC10a 0 | her pC1 - vpoEN - | contacts 0 songs 0 | pace him 0.22 her 0.15 m/s  (35s)
t= 15.0s  him (+1.57,-1.67)   -130  her (+1.20,+0.30)  dist  inf  pC1 7 pIP10 0 LC10a 0 | her pC1 - vpoEN - | contacts 0 songs 0 | pace him 0.24 her 0.15 m/s  (52s)
t= 20.0s  him (+0.42,-1.71)   -207  her (+1.20,+0.30)  dist  inf  pC1 7 pIP10 0 LC10a 0 | her pC1 - vpoEN - | contacts 0 songs 0 | pace him 0.26 her 0.15 m/s  (69s)
t= 25.0s  him (+0.44,-0.44)   -285  her (+1.20,+0.30)  dist  inf  pC1 10 pIP10 0 LC10a 0 | her pC1 - vpoEN - | contacts 0 songs 0 | pace him 0.25 her 0.15 m/s  (87s)
t= 30.0s  him (+0.99,+0.80)   -291  her (+1.20,+0.30)  dist  inf  pC1 0 pIP10 0 LC10a 0 | her pC1 - vpoEN - | contacts 0 songs 0 | pace him 0.30 her 0.15 m/s  (104s)
t= 35.0s  him (+1.71,+1.92)   -361  her (+1.20,+0.30)  dist  inf  pC1 8 pIP10 0 LC10a 0 | her pC1 - vpoEN - | contacts 0 songs 0 | pace him 0.24 her 0.15 m/s  (122s)
t= 40.0s  him (+1.52,+1.09)   -502  her (+1.20,+0.30)  dist  inf  pC1 9 pIP10 0 LC10a 0 | her pC1 - vpoEN - | contacts 0 songs 0 | pace him 0.22 her 0.15 m/s  (138s)
t= 45.0s  him (+0.38,+0.56)   -529  her (+1.20,+0.30)  dist  inf  pC1 0 pIP10 0 LC10a 0 | her pC1 - vpoEN - | contacts 0 songs 0 | pace him 0.31 her 0.15 m/s  (157s)
t= 50.0s  him (-1.01,+0.33)   -534  her (+1.20,+0.30)  dist  inf  pC1 0 pIP10 0 LC10a 0 | her pC1 - vpoEN - | contacts 0 songs 0 | pace him 0.28 her 0.15 m/s  (174s)
t= 55.0s  him (-1.91,-0.29)   -448  her (+1.20,+0.30)  dist  inf  pC1 3 pIP10 0 LC10a 0 | her pC1 - vpoEN - | contacts 0 songs 0 | pace him 0.19 her 0.15 m/s  (190s)
t= 60.0s  him (-1.82,-1.58)   -444  her (+1.20,+0.30)  dist  inf  pC1 0 pIP10 0 LC10a 0 | her pC1 - vpoEN - | contacts 0 songs 0 | pace him 0.32 her 0.15 m/s  (208s)
t= 65.0s  him (-0.84,-1.85)   -354  her (+1.20,+0.30)  dist  inf  pC1 4 pIP10 0 LC10a 0 | her pC1 - vpoEN - | contacts 0 songs 0 | pace him 0.27 her 0.15 m/s  (223s)
t= 70.0s  him (-0.78,-1.82)   -582  her (+1.20,+0.30)  dist  inf  pC1 28 pIP10 0 LC10a 0 | her pC1 - vpoEN - | contacts 0 songs 0 | pace him 0.22 her 0.15 m/s  (234s)
t= 75.0s  him (-0.80,-0.71)   -653  her (+1.20,+0.30)  dist  inf  pC1 0 pIP10 0 LC10a 0 | her pC1 - vpoEN - | contacts 0 songs 0 | pace him 0.25 her 0.15 m/s  (250s)
t= 80.0s  him (-0.39,+0.57)   -643  her (+1.20,+0.30)  dist  inf  pC1 0 pIP10 0 LC10a 0 | her pC1 - vpoEN - | contacts 0 songs 0 | pace him 0.28 her 0.15 m/s  (264s)
t= 85.0s  him (-0.67,+1.81)   -589  her (+1.20,+0.30)  dist  inf  pC1 3 pIP10 0 LC10a 0 | her pC1 - vpoEN - | contacts 0 songs 0 | pace him 0.32 her 0.15 m/s  (279s)
t= 90.0s  him (-1.92,+1.78)   -512  her (+1.20,+0.30)  dist  inf  pC1 3 pIP10 0 LC10a 0 | her pC1 - vpoEN - | contacts 0 songs 0 | pace him 0.45 her 0.15 m/s  (289s)
t= 95.0s  him (-1.79,+0.51)   -438  her (+1.20,+0.30)  dist  inf  pC1 3 pIP10 0 LC10a 0 | her pC1 - vpoEN - | contacts 0 songs 0 | pace him 0.26 her 0.15 m/s  (299s)
t=100.0s  him (-1.39,-0.79)   -434  her (+1.20,+0.30)  dist  inf  pC1 0 pIP10 0 LC10a 0 | her pC1 - vpoEN - | contacts 0 songs 0 | pace him 0.26 her 0.15 m/s  (310s)
t=105.0s  him (-0.75,-1.92)   -376  her (+1.20,+0.30)  dist  inf  pC1 3 pIP10 0 LC10a 0 | her pC1 - vpoEN - | contacts 0 songs 0 | pace him 0.50 her 0.15 m/s  (322s)
t=110.0s  him (-0.77,-1.80)   -585  her (+1.20,+0.30)  dist  inf  pC1 21 pIP10 0 LC10a 0 | her pC1 - vpoEN - | contacts 0 songs 0 | pace him 0.20 her 0.15 m/s  (330s)
t=115.0s  him (-0.92,-0.66)   -644  her (+1.20,+0.30)  dist  inf  pC1 0 pIP10 0 LC10a 0 | her pC1 - vpoEN - | contacts 0 songs 0 | pace him 0.24 her 0.15 m/s  (340s)
t=120.0s  him (-0.55,+0.63)   -646  her (+1.20,+0.30)  dist  inf  pC1 0 pIP10 0 LC10a 0 | her pC1 - vpoEN - | contacts 0 songs 0 | pace him 0.29 her 0.15 m/s  (352s)
wrote world/reflex/sign1_s12.npz contacts 0, song chunks 0, mean dist inf
