[2026-09-17 19:31:04] network_view:122 Initialized network view at /home/nate/code/fly-afterlife/flyvis_data/results/flow/0000/000
[2026-09-17 19:31:04] logging_utils:23 epe not in /home/nate/code/fly-afterlife/flyvis_data/results/flow/0000/000/validation, but 'loss' is. Falling back to 'loss'. You can rerun the ensemble validation to make appropriate recordings of the losses.
[2026-09-17 19:31:17] network:222 Initialized network with NumberOfParams(free=734, fixed=2959) parameters.
[2026-09-17 19:31:17] chkpt_utils:36 Recovered network state.
thermo cells: hot L 4 R 3, cooling L 3 R 4; mode field
T4T5_T4a_L                  742 cells  Scaled     seam v2: rate = GAIN x clip((act - rest) / A_REF, 0, 1); 150 Hz is Shiu's Poisson default, not a measurement
T4T5_T4b_L                  757 cells  Scaled     seam v2: rate = GAIN x clip((act - rest) / A_REF, 0, 1); 150 Hz is Shiu's Poisson default, not a measurement
T4T5_T4c_L                  796 cells  Scaled     seam v2: rate = GAIN x clip((act - rest) / A_REF, 0, 1); 150 Hz is Shiu's Poisson default, not a measurement
T4T5_T4d_L                  766 cells  Scaled     seam v2: rate = GAIN x clip((act - rest) / A_REF, 0, 1); 150 Hz is Shiu's Poisson default, not a measurement
T4T5_T5a_L                  726 cells  Scaled     seam v2: rate = GAIN x clip((act - rest) / A_REF, 0, 1); 150 Hz is Shiu's Poisson default, not a measurement
T4T5_T5b_L                  774 cells  Scaled     seam v2: rate = GAIN x clip((act - rest) / A_REF, 0, 1); 150 Hz is Shiu's Poisson default, not a measurement
T4T5_T5c_L                  781 cells  Scaled     seam v2: rate = GAIN x clip((act - rest) / A_REF, 0, 1); 150 Hz is Shiu's Poisson default, not a measurement
T4T5_T5d_L                  744 cells  Scaled     seam v2: rate = GAIN x clip((act - rest) / A_REF, 0, 1); 150 Hz is Shiu's Poisson default, not a measurement
T4T5_T4a_R                  750 cells  Scaled     seam v2: rate = GAIN x clip((act - rest) / A_REF, 0, 1); 150 Hz is Shiu's Poisson default, not a measurement
T4T5_T4b_R                  758 cells  Scaled     seam v2: rate = GAIN x clip((act - rest) / A_REF, 0, 1); 150 Hz is Shiu's Poisson default, not a measurement
T4T5_T4c_R                  780 cells  Scaled     seam v2: rate = GAIN x clip((act - rest) / A_REF, 0, 1); 150 Hz is Shiu's Poisson default, not a measurement
T4T5_T4d_R                  765 cells  Scaled     seam v2: rate = GAIN x clip((act - rest) / A_REF, 0, 1); 150 Hz is Shiu's Poisson default, not a measurement
T4T5_T5a_R                  734 cells  Scaled     seam v2: rate = GAIN x clip((act - rest) / A_REF, 0, 1); 150 Hz is Shiu's Poisson default, not a measurement
T4T5_T5b_R                  754 cells  Scaled     seam v2: rate = GAIN x clip((act - rest) / A_REF, 0, 1); 150 Hz is Shiu's Poisson default, not a measurement
T4T5_T5c_R                  773 cells  Scaled     seam v2: rate = GAIN x clip((act - rest) / A_REF, 0, 1); 150 Hz is Shiu's Poisson default, not a measurement
T4T5_T5d_R                  729 cells  Scaled     seam v2: rate = GAIN x clip((act - rest) / A_REF, 0, 1); 150 Hz is Shiu's Poisson default, not a measurement
bristle_L                  1224 cells  Adapting   mechanosensation brief 2026-09-16: Corfas & Dudai 1990 (J Neurosci 10:491); direction gating as a rate fraction; step-locked re-deflection is a labelled choice (2026-09-17)
bristle_R                  1279 cells  Adapting   mechanosensation brief 2026-09-16: Corfas & Dudai 1990 (J Neurosci 10:491); direction gating as a rate fraction; step-locked re-deflection is a labelled choice (2026-09-17)
ppk_F                       108 cells  TapBurst   chemo brief: contact GRN ceiling ~60 Hz (Weiss 2011), a single tap is a complete trigger (Kohatsu 2011)
ppk_M                       108 cells  TapBurst   chemo brief: contact GRN ceiling ~60 Hz (Weiss 2011), a single tap is a complete trigger (Kohatsu 2011)
hot_L                         4 cells  HotCells   chemo brief 2026-09-16 s.4: Budelli et al. 2019 (Neuron); Gallio 2011; Ni 2013
cool_L                        3 cells  CoolingCells chemo brief 2026-09-16 s.4: Budelli et al. 2019 (Neuron), rates and time course; gain inferred from the 0.2 C / 3x figure
hot_R                         3 cells  HotCells   chemo brief 2026-09-16 s.4: Budelli et al. 2019 (Neuron); Gallio 2011; Ni 2013
cool_R                        4 cells  CoolingCells chemo brief 2026-09-16 s.4: Budelli et al. 2019 (Neuron), rates and time course; gain inferred from the 0.2 C / 3x figure
his readouts: pC1 156, pIP10 2, mAL 159, LC10a 275, ORN_VA1v 15/73
his DNa02 rest offset +0.00/chunk
pace baselines per chunk: his leg MN 0, her DN 0
touch reflex: leg-MN asymmetry (R-L)/(R+L) with left bristles -0.039, right +0.007 -> gain 259 deg per unit asymmetry
t=  5.0s  him (+0.20,-0.09)     -9  her (+1.20,+0.30)  dist  inf  pC1 0 pIP10 0 LC10a 0 | her pC1 - vpoEN - | contacts 0 songs 0 | pace him 0.26 her 0.15 m/s  (12s)
t= 10.0s  him (+1.56,-0.64)    -21  her (+1.20,+0.30)  dist  inf  pC1 0 pIP10 0 LC10a 0 | her pC1 - vpoEN - | contacts 0 songs 0 | pace him 0.29 her 0.15 m/s  (26s)
t= 15.0s  him (+1.68,-1.59)   -128  her (+1.20,+0.30)  dist  inf  pC1 10 pIP10 0 LC10a 0 | her pC1 - vpoEN - | contacts 0 songs 0 | pace him 0.23 her 0.15 m/s  (43s)
t= 20.0s  him (+0.50,-1.79)   -207  her (+1.20,+0.30)  dist  inf  pC1 6 pIP10 0 LC10a 0 | her pC1 - vpoEN - | contacts 0 songs 0 | pace him 0.27 her 0.15 m/s  (57s)
t= 25.0s  him (+0.79,-0.72)   -311  her (+1.20,+0.30)  dist  inf  pC1 7 pIP10 0 LC10a 0 | her pC1 - vpoEN - | contacts 0 songs 0 | pace him 0.20 her 0.15 m/s  (73s)
t= 30.0s  him (+1.68,-0.02)   -327  her (+1.20,+0.30)  dist  inf  pC1 0 pIP10 0 LC10a 0 | her pC1 - vpoEN - | contacts 0 songs 0 | pace him 0.32 her 0.15 m/s  (91s)
t= 35.0s  him (+1.76,+1.28)   -251  her (+1.20,+0.30)  dist  inf  pC1 8 pIP10 2 LC10a 0 | her pC1 - vpoEN - | contacts 0 songs 0 | pace him 0.43 her 0.15 m/s  (108s)
t= 40.0s  him (+0.41,+1.89)   -180  her (+1.20,+0.30)  dist  inf  pC1 2 pIP10 0 LC10a 0 | her pC1 - vpoEN - | contacts 0 songs 0 | pace him 0.10 her 0.15 m/s  (122s)
t= 45.0s  him (+0.55,+1.42)    -90  her (+1.20,+0.30)  dist  inf  pC1 26 pIP10 4 LC10a 0 | her pC1 - vpoEN - | contacts 0 songs 0 | pace him 0.32 her 0.15 m/s  (139s)
t= 50.0s  him (+0.64,+0.24)    -81  her (+1.20,+0.30)  dist  inf  pC1 0 pIP10 0 LC10a 0 | her pC1 - vpoEN - | contacts 0 songs 0 | pace him 0.26 her 0.15 m/s  (156s)
t= 55.0s  him (+0.47,-0.72)   -109  her (+1.20,+0.30)  dist  inf  pC1 0 pIP10 0 LC10a 0 | her pC1 - vpoEN - | contacts 0 songs 0 | pace him 0.20 her 0.15 m/s  (172s)
t= 60.0s  him (+0.85,-1.92)    -43  her (+1.20,+0.30)  dist  inf  pC1 10 pIP10 0 LC10a 0 | her pC1 - vpoEN - | contacts 0 songs 0 | pace him 0.32 her 0.15 m/s  (189s)
t= 65.0s  him (+1.92,-1.92)    -24  her (+1.20,+0.30)  dist  inf  pC1 25 pIP10 0 LC10a 0 | her pC1 - vpoEN - | contacts 0 songs 0 | pace him 0.21 her 0.15 m/s  (201s)
t= 70.0s  him (+1.92,-1.92)    -44  her (+1.20,+0.30)  dist  inf  pC1 22 pIP10 0 LC10a 0 | her pC1 - vpoEN - | contacts 0 songs 0 | pace him 0.28 her 0.15 m/s  (215s)
t= 75.0s  him (+1.92,-1.92)    -46  her (+1.20,+0.30)  dist  inf  pC1 24 pIP10 0 LC10a 0 | her pC1 - vpoEN - | contacts 0 songs 0 | pace him 0.28 her 0.15 m/s  (226s)
t= 80.0s  him (+1.22,-1.35)   -250  her (+1.20,+0.30)  dist  inf  pC1 20 pIP10 0 LC10a 0 | her pC1 - vpoEN - | contacts 0 songs 0 | pace him 0.19 her 0.15 m/s  (243s)
t= 85.0s  him (+0.82,-0.31)   -248  her (+1.20,+0.30)  dist  inf  pC1 0 pIP10 0 LC10a 0 | her pC1 - vpoEN - | contacts 0 songs 0 | pace him 0.19 her 0.15 m/s  (261s)
t= 90.0s  him (+0.23,+0.99)   -246  her (+1.20,+0.30)  dist  inf  pC1 0 pIP10 0 LC10a 0 | her pC1 - vpoEN - | contacts 0 songs 0 | pace him 0.34 her 0.15 m/s  (280s)
t= 95.0s  him (-1.13,+1.31)   -206  her (+1.20,+0.30)  dist  inf  pC1 1 pIP10 0 LC10a 0 | her pC1 - vpoEN - | contacts 0 songs 0 | pace him 0.25 her 0.15 m/s  (297s)
t=100.0s  him (-1.67,+1.91)   -365  her (+1.20,+0.30)  dist  inf  pC1 17 pIP10 0 LC10a 0 | her pC1 - vpoEN - | contacts 0 songs 0 | pace him 0.18 her 0.15 m/s  (312s)
t=105.0s  him (-1.01,+1.06)   -430  her (+1.20,+0.30)  dist  inf  pC1 0 pIP10 0 LC10a 0 | her pC1 - vpoEN - | contacts 0 songs 0 | pace him 0.28 her 0.15 m/s  (329s)
t=110.0s  him (-0.68,-0.25)   -442  her (+1.20,+0.30)  dist  inf  pC1 0 pIP10 0 LC10a 0 | her pC1 - vpoEN - | contacts 0 songs 0 | pace him 0.25 her 0.15 m/s  (344s)
t=115.0s  him (-0.55,-1.61)   -444  her (+1.20,+0.30)  dist  inf  pC1 0 pIP10 0 LC10a 0 | her pC1 - vpoEN - | contacts 0 songs 0 | pace him 0.27 her 0.15 m/s  (362s)
t=120.0s  him (-0.83,-1.76)   -586  her (+1.20,+0.30)  dist  inf  pC1 27 pIP10 0 LC10a 0 | her pC1 - vpoEN - | contacts 0 songs 0 | pace him 0.18 her 0.15 m/s  (379s)
wrote world/thermo3/field_g0.3_s11.npz contacts 0, song chunks 0, mean dist inf
