[2026-09-17 19:18:10] network_view:122 Initialized network view at /home/nate/code/fly-afterlife/flyvis_data/results/flow/0000/000
[2026-09-17 19:18:10] logging_utils:23 epe not in /home/nate/code/fly-afterlife/flyvis_data/results/flow/0000/000/validation, but 'loss' is. Falling back to 'loss'. You can rerun the ensemble validation to make appropriate recordings of the losses.
[2026-09-17 19:18:20] network:222 Initialized network with NumberOfParams(free=734, fixed=2959) parameters.
[2026-09-17 19:18:20] chkpt_utils:36 Recovered network state.
thermo cells: hot L 4 R 3, cooling L 3 R 4; mode rest
T4T5_T4a_L                  742 cells  Scaled     seam v2: rate = GAIN x clip((act - rest) / A_REF, 0, 1); 150 Hz is Shiu's Poisson default, not a measurement
T4T5_T4b_L                  757 cells  Scaled     seam v2: rate = GAIN x clip((act - rest) / A_REF, 0, 1); 150 Hz is Shiu's Poisson default, not a measurement
T4T5_T4c_L                  796 cells  Scaled     seam v2: rate = GAIN x clip((act - rest) / A_REF, 0, 1); 150 Hz is Shiu's Poisson default, not a measurement
T4T5_T4d_L                  766 cells  Scaled     seam v2: rate = GAIN x clip((act - rest) / A_REF, 0, 1); 150 Hz is Shiu's Poisson default, not a measurement
T4T5_T5a_L                  726 cells  Scaled     seam v2: rate = GAIN x clip((act - rest) / A_REF, 0, 1); 150 Hz is Shiu's Poisson default, not a measurement
T4T5_T5b_L                  774 cells  Scaled     seam v2: rate = GAIN x clip((act - rest) / A_REF, 0, 1); 150 Hz is Shiu's Poisson default, not a measurement
T4T5_T5c_L                  781 cells  Scaled     seam v2: rate = GAIN x clip((act - rest) / A_REF, 0, 1); 150 Hz is Shiu's Poisson default, not a measurement
T4T5_T5d_L                  744 cells  Scaled     seam v2: rate = GAIN x clip((act - rest) / A_REF, 0, 1); 150 Hz is Shiu's Poisson default, not a measurement
T4T5_T4a_R                  750 cells  Scaled     seam v2: rate = GAIN x clip((act - rest) / A_REF, 0, 1); 150 Hz is Shiu's Poisson default, not a measurement
T4T5_T4b_R                  758 cells  Scaled     seam v2: rate = GAIN x clip((act - rest) / A_REF, 0, 1); 150 Hz is Shiu's Poisson default, not a measurement
T4T5_T4c_R                  780 cells  Scaled     seam v2: rate = GAIN x clip((act - rest) / A_REF, 0, 1); 150 Hz is Shiu's Poisson default, not a measurement
T4T5_T4d_R                  765 cells  Scaled     seam v2: rate = GAIN x clip((act - rest) / A_REF, 0, 1); 150 Hz is Shiu's Poisson default, not a measurement
T4T5_T5a_R                  734 cells  Scaled     seam v2: rate = GAIN x clip((act - rest) / A_REF, 0, 1); 150 Hz is Shiu's Poisson default, not a measurement
T4T5_T5b_R                  754 cells  Scaled     seam v2: rate = GAIN x clip((act - rest) / A_REF, 0, 1); 150 Hz is Shiu's Poisson default, not a measurement
T4T5_T5c_R                  773 cells  Scaled     seam v2: rate = GAIN x clip((act - rest) / A_REF, 0, 1); 150 Hz is Shiu's Poisson default, not a measurement
T4T5_T5d_R                  729 cells  Scaled     seam v2: rate = GAIN x clip((act - rest) / A_REF, 0, 1); 150 Hz is Shiu's Poisson default, not a measurement
bristle_L                  1224 cells  Adapting   mechanosensation brief 2026-09-16: Corfas & Dudai 1990 (J Neurosci 10:491); direction gating as a rate fraction; step-locked re-deflection is a labelled choice (2026-09-17)
bristle_R                  1279 cells  Adapting   mechanosensation brief 2026-09-16: Corfas & Dudai 1990 (J Neurosci 10:491); direction gating as a rate fraction; step-locked re-deflection is a labelled choice (2026-09-17)
ppk_F                       108 cells  TapBurst   chemo brief: contact GRN ceiling ~60 Hz (Weiss 2011), a single tap is a complete trigger (Kohatsu 2011)
ppk_M                       108 cells  TapBurst   chemo brief: contact GRN ceiling ~60 Hz (Weiss 2011), a single tap is a complete trigger (Kohatsu 2011)
hot_L                         4 cells  HotCells   chemo brief 2026-09-16 s.4: Budelli et al. 2019 (Neuron); Gallio 2011; Ni 2013
cool_L                        3 cells  CoolingCells chemo brief 2026-09-16 s.4: Budelli et al. 2019 (Neuron), rates and time course; gain inferred from the 0.2 C / 3x figure
hot_R                         3 cells  HotCells   chemo brief 2026-09-16 s.4: Budelli et al. 2019 (Neuron); Gallio 2011; Ni 2013
cool_R                        4 cells  CoolingCells chemo brief 2026-09-16 s.4: Budelli et al. 2019 (Neuron), rates and time course; gain inferred from the 0.2 C / 3x figure
his readouts: pC1 156, pIP10 2, mAL 159, LC10a 275, ORN_VA1v 15/73
his DNa02 rest offset +0.00/chunk
pace baselines per chunk: his leg MN 0, her DN 0
touch reflex: leg-MN asymmetry (R-L)/(R+L) with left bristles -0.058, right -0.024 -> gain 359 deg per unit asymmetry
t=  5.0s  him (+0.14,+0.59)    +29  her (+1.20,+0.30)  dist  inf  pC1 0 pIP10 0 LC10a 0 | her pC1 - vpoEN - | contacts 0 songs 0 | pace him 0.26 her 0.15 m/s  (11s)
t= 10.0s  him (+1.36,+1.27)    +25  her (+1.20,+0.30)  dist  inf  pC1 0 pIP10 0 LC10a 0 | her pC1 - vpoEN - | contacts 0 songs 0 | pace him 0.26 her 0.15 m/s  (28s)
t= 15.0s  him (+1.52,+1.89)   +185  her (+1.20,+0.30)  dist  inf  pC1 9 pIP10 0 LC10a 0 | her pC1 - vpoEN - | contacts 0 songs 0 | pace him 0.23 her 0.15 m/s  (41s)
t= 20.0s  him (+0.28,+1.93)   +155  her (+1.20,+0.30)  dist  inf  pC1 4 pIP10 0 LC10a 0 | her pC1 - vpoEN - | contacts 0 songs 0 | pace him 0.50 her 0.15 m/s  (57s)
t= 25.0s  him (+1.25,+1.88)     +4  her (+1.20,+0.30)  dist  inf  pC1 28 pIP10 0 LC10a 0 | her pC1 - vpoEN - | contacts 0 songs 0 | pace him 0.24 her 0.15 m/s  (71s)
t= 30.0s  him (+1.91,+1.32)    -67  her (+1.20,+0.30)  dist  inf  pC1 17 pIP10 0 LC10a 0 | her pC1 - vpoEN - | contacts 0 songs 0 | pace him 0.21 her 0.15 m/s  (85s)
t= 35.0s  him (+1.85,+0.04)    -92  her (+1.20,+0.30)  dist  inf  pC1 6 pIP10 0 LC10a 0 | her pC1 - vpoEN - | contacts 0 songs 0 | pace him 0.28 her 0.15 m/s  (100s)
t= 40.0s  him (+1.89,-1.30)    -98  her (+1.20,+0.30)  dist  inf  pC1 1 pIP10 0 LC10a 0 | her pC1 - vpoEN - | contacts 0 songs 0 | pace him 0.28 her 0.15 m/s  (117s)
t= 45.0s  him (+1.42,-1.89)   -167  her (+1.20,+0.30)  dist  inf  pC1 18 pIP10 0 LC10a 0 | her pC1 - vpoEN - | contacts 0 songs 0 | pace him 0.19 her 0.15 m/s  (132s)
t= 50.0s  him (+0.28,-1.92)   -165  her (+1.20,+0.30)  dist  inf  pC1 6 pIP10 0 LC10a 0 | her pC1 - vpoEN - | contacts 0 songs 0 | pace him 0.34 her 0.15 m/s  (146s)
t= 55.0s  him (+0.99,-1.90)     -4  her (+1.20,+0.30)  dist  inf  pC1 17 pIP10 0 LC10a 0 | her pC1 - vpoEN - | contacts 0 songs 0 | pace him 0.20 her 0.15 m/s  (161s)
t= 60.0s  him (+1.92,-1.81)    +63  her (+1.20,+0.30)  dist  inf  pC1 13 pIP10 0 LC10a 0 | her pC1 - vpoEN - | contacts 0 songs 0 | pace him 0.29 her 0.15 m/s  (176s)
t= 65.0s  him (+1.80,-0.65)   +104  her (+1.20,+0.30)  dist  inf  pC1 2 pIP10 0 LC10a 0 | her pC1 - vpoEN - | contacts 0 songs 0 | pace him 0.28 her 0.15 m/s  (192s)
t= 70.0s  him (+1.62,+0.69)    +93  her (+1.20,+0.30)  dist  inf  pC1 0 pIP10 0 LC10a 0 | her pC1 - vpoEN - | contacts 0 songs 0 | pace him 0.26 her 0.15 m/s  (207s)
t= 75.0s  him (+1.30,+1.92)   +136  her (+1.20,+0.30)  dist  inf  pC1 2 pIP10 0 LC10a 0 | her pC1 - vpoEN - | contacts 0 songs 0 | pace him 0.50 her 0.15 m/s  (225s)
t= 80.0s  him (+0.35,+1.92)    +44  her (+1.20,+0.30)  dist  inf  pC1 26 pIP10 0 LC10a 0 | her pC1 - vpoEN - | contacts 0 songs 0 | pace him 0.38 her 0.15 m/s  (239s)
t= 85.0s  him (+1.53,+1.87)     +2  her (+1.20,+0.30)  dist  inf  pC1 14 pIP10 0 LC10a 0 | her pC1 - vpoEN - | contacts 0 songs 0 | pace him 0.23 her 0.15 m/s  (252s)
t= 90.0s  him (+1.92,+1.02)    -97  her (+1.20,+0.30)  dist  inf  pC1 16 pIP10 0 LC10a 0 | her pC1 - vpoEN - | contacts 0 songs 0 | pace him 0.50 her 0.15 m/s  (267s)
t= 95.0s  him (+1.91,-0.22)    -93  her (+1.20,+0.30)  dist  inf  pC1 1 pIP10 0 LC10a 0 | her pC1 - vpoEN - | contacts 0 songs 0 | pace him 0.26 her 0.15 m/s  (284s)
t=100.0s  him (+1.89,-1.61)    -85  her (+1.20,+0.30)  dist  inf  pC1 0 pIP10 0 LC10a 0 | her pC1 - vpoEN - | contacts 0 songs 0 | pace him 0.30 her 0.15 m/s  (300s)
t=105.0s  him (+0.94,-1.89)   -177  her (+1.20,+0.30)  dist  inf  pC1 15 pIP10 0 LC10a 0 | her pC1 - vpoEN - | contacts 0 songs 0 | pace him 0.25 her 0.15 m/s  (316s)
t=110.0s  him (+0.58,-1.92)    -16  her (+1.20,+0.30)  dist  inf  pC1 14 pIP10 0 LC10a 0 | her pC1 - vpoEN - | contacts 0 songs 0 | pace him 0.30 her 0.15 m/s  (328s)
t=115.0s  him (+1.71,-1.87)     +2  her (+1.20,+0.30)  dist  inf  pC1 4 pIP10 0 LC10a 0 | her pC1 - vpoEN - | contacts 0 songs 0 | pace him 0.26 her 0.15 m/s  (344s)
t=120.0s  him (+1.13,-1.91)   -184  her (+1.20,+0.30)  dist  inf  pC1 27 pIP10 0 LC10a 0 | her pC1 - vpoEN - | contacts 0 songs 0 | pace him 0.32 her 0.15 m/s  (357s)
wrote world/thermo3/rest_g-0.3_s10.npz contacts 0, song chunks 0, mean dist inf
