[2026-09-17 22:07:52] network_view:122 Initialized network view at /home/nate/code/fly-afterlife/flyvis_data/results/flow/0000/000
[2026-09-17 22:07:52] logging_utils:23 epe not in /home/nate/code/fly-afterlife/flyvis_data/results/flow/0000/000/validation, but 'loss' is. Falling back to 'loss'. You can rerun the ensemble validation to make appropriate recordings of the losses.
[2026-09-17 22:08:08] network:222 Initialized network with NumberOfParams(free=734, fixed=2959) parameters.
[2026-09-17 22:08:08] chkpt_utils:36 Recovered network state.
thermo cells: hot L 4 R 3, cooling L 3 R 4; mode field
T4T5_T4a_L                  742 cells  Scaled     seam v2: rate = GAIN x clip((act - rest) / A_REF, 0, 1); 150 Hz is Shiu's Poisson default, not a measurement
T4T5_T4b_L                  757 cells  Scaled     seam v2: rate = GAIN x clip((act - rest) / A_REF, 0, 1); 150 Hz is Shiu's Poisson default, not a measurement
T4T5_T4c_L                  796 cells  Scaled     seam v2: rate = GAIN x clip((act - rest) / A_REF, 0, 1); 150 Hz is Shiu's Poisson default, not a measurement
T4T5_T4d_L                  766 cells  Scaled     seam v2: rate = GAIN x clip((act - rest) / A_REF, 0, 1); 150 Hz is Shiu's Poisson default, not a measurement
T4T5_T5a_L                  726 cells  Scaled     seam v2: rate = GAIN x clip((act - rest) / A_REF, 0, 1); 150 Hz is Shiu's Poisson default, not a measurement
T4T5_T5b_L                  774 cells  Scaled     seam v2: rate = GAIN x clip((act - rest) / A_REF, 0, 1); 150 Hz is Shiu's Poisson default, not a measurement
T4T5_T5c_L                  781 cells  Scaled     seam v2: rate = GAIN x clip((act - rest) / A_REF, 0, 1); 150 Hz is Shiu's Poisson default, not a measurement
T4T5_T5d_L                  744 cells  Scaled     seam v2: rate = GAIN x clip((act - rest) / A_REF, 0, 1); 150 Hz is Shiu's Poisson default, not a measurement
T4T5_T4a_R                  750 cells  Scaled     seam v2: rate = GAIN x clip((act - rest) / A_REF, 0, 1); 150 Hz is Shiu's Poisson default, not a measurement
T4T5_T4b_R                  758 cells  Scaled     seam v2: rate = GAIN x clip((act - rest) / A_REF, 0, 1); 150 Hz is Shiu's Poisson default, not a measurement
T4T5_T4c_R                  780 cells  Scaled     seam v2: rate = GAIN x clip((act - rest) / A_REF, 0, 1); 150 Hz is Shiu's Poisson default, not a measurement
T4T5_T4d_R                  765 cells  Scaled     seam v2: rate = GAIN x clip((act - rest) / A_REF, 0, 1); 150 Hz is Shiu's Poisson default, not a measurement
T4T5_T5a_R                  734 cells  Scaled     seam v2: rate = GAIN x clip((act - rest) / A_REF, 0, 1); 150 Hz is Shiu's Poisson default, not a measurement
T4T5_T5b_R                  754 cells  Scaled     seam v2: rate = GAIN x clip((act - rest) / A_REF, 0, 1); 150 Hz is Shiu's Poisson default, not a measurement
T4T5_T5c_R                  773 cells  Scaled     seam v2: rate = GAIN x clip((act - rest) / A_REF, 0, 1); 150 Hz is Shiu's Poisson default, not a measurement
T4T5_T5d_R                  729 cells  Scaled     seam v2: rate = GAIN x clip((act - rest) / A_REF, 0, 1); 150 Hz is Shiu's Poisson default, not a measurement
bristle_L                  1224 cells  Adapting   mechanosensation brief 2026-09-16: Corfas & Dudai 1990 (J Neurosci 10:491); direction gating as a rate fraction; step-locked re-deflection is a labelled choice (2026-09-17)
bristle_R                  1279 cells  Adapting   mechanosensation brief 2026-09-16: Corfas & Dudai 1990 (J Neurosci 10:491); direction gating as a rate fraction; step-locked re-deflection is a labelled choice (2026-09-17)
ppk_F                       108 cells  TapBurst   chemo brief: contact GRN ceiling ~60 Hz (Weiss 2011), a single tap is a complete trigger (Kohatsu 2011)
ppk_M                       108 cells  TapBurst   chemo brief: contact GRN ceiling ~60 Hz (Weiss 2011), a single tap is a complete trigger (Kohatsu 2011)
walk_DNp09                    2 cells  Hold       pair.py 2026-09-16: 150 Hz while touched (uncalibrated; mechanosensation brief says onset burst + plateau)
hot_L                         4 cells  HotCells   chemo brief 2026-09-16 s.4: Budelli et al. 2019 (Neuron); Gallio 2011; Ni 2013
cool_L                        3 cells  CoolingCells chemo brief 2026-09-16 s.4: Budelli et al. 2019 (Neuron), rates and time course; gain inferred from the 0.2 C / 3x figure
hot_R                         3 cells  HotCells   chemo brief 2026-09-16 s.4: Budelli et al. 2019 (Neuron); Gallio 2011; Ni 2013
cool_R                        4 cells  CoolingCells chemo brief 2026-09-16 s.4: Budelli et al. 2019 (Neuron), rates and time course; gain inferred from the 0.2 C / 3x figure
his readouts: pC1 156, pIP10 2, mAL 159, LC10a 275, ORN_VA1v 15/73
his DNa02 rest offset +0.00/chunk
pace baselines per chunk: his leg MN 0, her DN 0
touch reflex: leg-MN asymmetry (R-L)/(R+L) with left bristles -0.112, right +0.028 -> gain 86 deg per unit asymmetry
t=  5.0s  him (-1.37,+0.38)   +300  her (+1.20,+0.30)  dist  inf  pC1 0 pIP10 0 LC10a 0 | her pC1 - vpoEN - | contacts 0 songs 0 | pace him 0.23 her 0.15 m/s  (14s)
t= 10.0s  him (-0.53,+0.71)   +465  her (+1.20,+0.30)  dist  inf  pC1 0 pIP10 0 LC10a 0 | her pC1 - vpoEN - | contacts 0 songs 0 | pace him 0.33 her 0.15 m/s  (27s)
t= 15.0s  him (-1.40,+1.31)   +609  her (+1.20,+0.30)  dist  inf  pC1 0 pIP10 0 LC10a 0 | her pC1 - vpoEN - | contacts 0 songs 0 | pace him 0.29 her 0.15 m/s  (43s)
t= 20.0s  him (-0.57,+1.27)   +781  her (+1.20,+0.30)  dist  inf  pC1 0 pIP10 0 LC10a 0 | her pC1 - vpoEN - | contacts 0 songs 0 | pace him 0.30 her 0.15 m/s  (61s)
t= 25.0s  him (-0.89,+1.68)  +1030  her (+1.20,+0.30)  dist  inf  pC1 4 pIP10 0 LC10a 0 | her pC1 - vpoEN - | contacts 0 songs 0 | pace him 0.20 her 0.15 m/s  (77s)
t= 30.0s  him (-0.49,+1.92)  +1245  her (+1.20,+0.30)  dist  inf  pC1 15 pIP10 0 LC10a 0 | her pC1 - vpoEN - | contacts 0 songs 0 | pace him 0.27 her 0.15 m/s  (90s)
t= 35.0s  him (-0.40,+1.81)  +1505  her (+1.20,+0.30)  dist  inf  pC1 1 pIP10 0 LC10a 0 | her pC1 - vpoEN - | contacts 0 songs 0 | pace him 0.36 her 0.15 m/s  (106s)
t= 40.0s  him (-0.74,+1.91)  +1644  her (+1.20,+0.30)  dist  inf  pC1 16 pIP10 0 LC10a 0 | her pC1 - vpoEN - | contacts 0 songs 0 | pace him 0.23 her 0.15 m/s  (120s)
t= 45.0s  him (-0.29,+1.92)  +1874  her (+1.20,+0.30)  dist  inf  pC1 11 pIP10 0 LC10a 0 | her pC1 - vpoEN - | contacts 0 songs 0 | pace him 0.30 her 0.15 m/s  (134s)
t= 50.0s  him (-0.34,+1.92)  +1898  her (+1.20,+0.30)  dist  inf  pC1 22 pIP10 0 LC10a 0 | her pC1 - vpoEN - | contacts 0 songs 0 | pace him 0.27 her 0.15 m/s  (148s)
t= 55.0s  him (-0.51,+1.91)  +2221  her (+1.20,+0.30)  dist  inf  pC1 11 pIP10 0 LC10a 0 | her pC1 - vpoEN - | contacts 0 songs 0 | pace him 0.24 her 0.15 m/s  (164s)
t= 60.0s  him (-0.28,+1.92)  +2144  her (+1.20,+0.30)  dist  inf  pC1 37 pIP10 0 LC10a 0 | her pC1 - vpoEN - | contacts 0 songs 0 | pace him 0.31 her 0.15 m/s  (177s)
t= 65.0s  him (-0.54,+1.51)  +2218  her (+1.20,+0.30)  dist  inf  pC1 14 pIP10 0 LC10a 0 | her pC1 - vpoEN - | contacts 0 songs 0 | pace him 0.17 her 0.15 m/s  (192s)
t= 70.0s  him (-0.28,+1.92)  +2194  her (+1.20,+0.30)  dist  inf  pC1 18 pIP10 0 LC10a 0 | her pC1 - vpoEN - | contacts 0 songs 0 | pace him 0.24 her 0.15 m/s  (208s)
t= 75.0s  him (-0.35,+1.85)  +2048  her (+1.20,+0.30)  dist  inf  pC1 28 pIP10 0 LC10a 0 | her pC1 - vpoEN - | contacts 0 songs 0 | pace him 0.40 her 0.15 m/s  (219s)
t= 80.0s  him (+0.21,+1.20)  +2182  her (+1.20,+0.30)  dist  inf  pC1 15 pIP10 0 LC10a 0 | her pC1 - vpoEN - | contacts 0 songs 0 | pace him 0.29 her 0.15 m/s  (235s)
t= 85.0s  him (+1.10,+1.91)  +2158  her (+1.20,+0.30)  dist  inf  pC1 5 pIP10 0 LC10a 0 | her pC1 - vpoEN - | contacts 0 songs 0 | pace him 0.17 her 0.15 m/s  (251s)
t= 90.0s  him (+0.47,+1.39)  +2010  her (+1.20,+0.30)  dist  inf  pC1 0 pIP10 0 LC10a 0 | her pC1 - vpoEN - | contacts 0 songs 0 | pace him 0.17 her 0.15 m/s  (266s)
t= 95.0s  him (+0.56,+1.77)  +2268  her (+1.20,+0.30)  dist  inf  pC1 0 pIP10 0 LC10a 0 | her pC1 - vpoEN - | contacts 0 songs 0 | pace him 0.39 her 0.15 m/s  (284s)
t=100.0s  him (+0.58,+1.78)  +2571  her (+1.20,+0.30)  dist  inf  pC1 37 pIP10 0 LC10a 0 | her pC1 - vpoEN - | contacts 0 songs 0 | pace him 0.22 her 0.15 m/s  (300s)
t=105.0s  him (+1.52,+1.91)  +2501  her (+1.20,+0.30)  dist  inf  pC1 56 pIP10 0 LC10a 0 | her pC1 - vpoEN - | contacts 0 songs 0 | pace him 0.15 her 0.15 m/s  (316s)
t=110.0s  him (+0.65,+1.89)  +2377  her (+1.20,+0.30)  dist  inf  pC1 2 pIP10 0 LC10a 0 | her pC1 - vpoEN - | contacts 0 songs 0 | pace him 0.22 her 0.15 m/s  (329s)
t=115.0s  him (+1.32,+1.92)  +2579  her (+1.20,+0.30)  dist  inf  pC1 27 pIP10 0 LC10a 0 | her pC1 - vpoEN - | contacts 0 songs 0 | pace him 0.29 her 0.15 m/s  (346s)
t=120.0s  him (+1.82,+1.18)  +2394  her (+1.20,+0.30)  dist  inf  pC1 28 pIP10 0 LC10a 0 | her pC1 - vpoEN - | contacts 0 songs 0 | pace him 0.29 her 0.15 m/s  (362s)
wrote world/thermo5/field_s11.npz contacts 0, song chunks 0, mean dist inf
